// Jest Snapshot v1, https://jestjs.io/docs/snapshot-testing

exports[`General snapshot 1`] = `
ReactExternalStore {
  "__emitChangesTask__": [Function],
  "__emitChangesTrigger__": null,
  "__emitChanges__": [Function],
  "__listeners__": [],
  "__logger": [Function],
  "__state__": undefined,
  "__subscribe__": [Function],
  "__unsubscribe__": [Function],
  "beforeUpdate": undefined,
  "mergeState": [Function],
  "patchState": [Function],
  "setState": [Function],
  "use": [Function],
}
`;
